Failed to validate fields in deploy config: found the following unknown fields: no_such_field, parent1.child2_3
