Failed to validate fields in deploy config: the field 'dummy' has been locked by the plugin config and cannot be overridden
