Failed to validate fields in deploy config: field 'parent2.field1' is required, but no value provided
