Failed to validate fields in deploy config: value for field 'some_dict' is wrong type, expected 'str' and got: int
