Failed to validate fields in deploy config: value for field 'some_field' did not match validation pattern: [A-Z][0-9][a-z]
