apiVersion: configuration.konghq.com/v1
kind: KongConsumer
metadata:
  name: consumer-team-x
username: team-X
