apiVersion: configuration.konghq.com/v1
config:
  header_name: my-request-id
kind: KongPlugin
metadata:
  name: request-id
plugin: correlation-id
