apiVersion: configuration.konghq.com/v1
kind: KongIngress
metadata:
  name: configuration-demo
proxy:
  connect_timeout: 10000
  path: /
  protocol: http
  read_timeout: 10000
  retries: 10
  write_timeout: 10000
route:
  methods:
  - POST
  - GET
  preserve_host: true
  protocols:
  - http
  - https
  regex_priority: 0
  strip_path: false
upstream:
  hash_fallback: none
  hash_on: none
  healthchecks:
    active:
      concurrency: 10
      healthy:
        http_statuses:
        - 200
        - 302
        interval: 0
        successes: 0
      http_path: /
      timeout: 1
      unhealthy:
        http_failures: 0
        http_statuses:
        - 429
        interval: 0
        tcp_failures: 0
        timeouts: 0
    passive:
      healthy:
        http_statuses:
        - 200
        successes: 0
      unhealthy:
        http_failures: 0
        http_statuses:
        - 429
        - 503
        tcp_failures: 0
        timeouts: 0
    slots: 10
