Error loading vars: ./deploy/var/local.var: line 1: Found variable reference where not allowed
