{
  "name": "db_password",
  "terraform_output": "some_db_instance_password",
  "type": "password"
}