{
  "name": "generated_admin_password",
  "type": "password"
}