apiVersion: v1
data:
  foo: bar
  some.file: 'test1

    test2

    test3

    '
kind: ConfigMap
metadata:
  name: test-configmap
