apiVersion: v1
data:
  key1: c29tZSB2YWx1ZQ==
  key2: YW5vdGhlciB2YWx1ZQ==
kind: Secret
metadata:
  name: nginx-secrets
type: Opaque
