apiVersion: v1
kind: ServiceAccount
metadata:
  name: test-serviceaccount1
