apiVersion: policy/v1
kind: PodDisruptionBudget
metadata:
  name: nginx
spec:
  maxUnavailable: 1
  minAvailable: 2
  selector:
    matchLabels:
      app: nginx
