apiVersion: v1
kind: PersistentVolume
metadata:
  name: test-pv
spec:
  accessModes:
  - ReadWriteOnce
  capacity:
    storage: 8Gi
  mountOptions:
  - hard
  - nfsvers=4.1
  nfs:
    path: /tmp
    server: 172.17.0.2
  persistentVolumeReclaimPolicy: Recycle
  storageClassName: slow
  volumeMode: Filesystem
