apiVersion: v1
imagePullSecrets:
- name: bar-baz
kind: ServiceAccount
metadata:
  name: test-serviceaccount2
secrets:
- name: foo-bar
