apiVersion: externaldns.k8s.io/v1alpha1
kind: DNSEndpoint
metadata:
  name: test-end-endpoint
spec:
  endpoints:
  - dnsName: foo.bar.com
    recordTTL: 180
    recordType: A
    targets:
    - 192.168.99.216
