{
  "id": "some.service",
  "run": {
    "cmd": "echo Hello world",
    "cpus": 1.0,
    "disk": 10,
    "docker": {
      "image": "foo/bar"
    },
    "mem": 1024
  }
}